#
# There is insufficient memory for the Java Runtime Environment to continue.
# Native memory allocation (mmap) failed to map 130023424 bytes. Error detail: G1 virtual space
# Possible reasons:
#   The system is out of physical RAM or swap space
#   This process is running with CompressedOops enabled, and the Java Heap may be blocking the growth of the native heap
# Possible solutions:
#   Reduce memory load on the system
#   Increase physical memory or swap space
#   Check if swap backing store is full
#   Decrease Java heap size (-Xmx/-Xms)
#   Decrease number of Java threads
#   Decrease Java thread stack sizes (-Xss)
#   Set larger code cache with -XX:ReservedCodeCacheSize=
#   JVM is running with Unscaled Compressed Oops mode in which the Java heap is
#     placed in the first 4GB address space. The Java Heap base address is the
#     maximum limit for the native heap growth. Please use -XX:HeapBaseMinAddress
#     to set the Java Heap base and to place the Java Heap above 4GB virtual address.
# This output file may be truncated or incomplete.
#
#  Out of Memory Error (os_windows.cpp:3925), pid=14304, tid=13928
#
# JRE version:  (21.0.9) (build )
# Java VM: OpenJDK 64-Bit Server VM (21.0.9+-14787801-b1163.94, mixed mode, sharing, tiered, compressed oops, compressed class ptrs, g1 gc, windows-amd64)
# No core dump will be written. Minidumps are not enabled by default on client versions of Windows
#

---------------  S U M M A R Y ------------

Command Line: git4idea.http.GitAskPassApp Username for 'https://github.com': 

Host: 11th Gen Intel(R) Core(TM) i3-1125G4 @ 2.00GHz, 8 cores, 7G,  Windows 11 , 64 bit Build 26100 (10.0.26100.7920)
Time: Thu Mar 12 23:04:24 2026 India Standard Time elapsed time: 2.016894 seconds (0d 0h 0m 2s)

---------------  T H R E A D  ---------------

Current thread (0x0000021787b5bc60):  JavaThread "Unknown thread" [_thread_in_vm, id=13928, stack(0x0000004ba2f00000,0x0000004ba3000000) (1024K)]

Stack: [0x0000004ba2f00000,0x0000004ba3000000]
Native frames: (J=compiled Java code, j=interpreted, Vv=VM code, C=native code)
V  [jvm.dll+0x6d6c99]
V  [jvm.dll+0x866b83]
V  [jvm.dll+0x8691ae]
V  [jvm.dll+0x869893]
V  [jvm.dll+0x280776]
V  [jvm.dll+0x6d3555]
V  [jvm.dll+0x6c6bea]
V  [jvm.dll+0x3587fb]
V  [jvm.dll+0x360476]
V  [jvm.dll+0x3b2646]
V  [jvm.dll+0x3b2918]
V  [jvm.dll+0x32af0c]
V  [jvm.dll+0x32bbfb]
V  [jvm.dll+0x82e839]
V  [jvm.dll+0x3bf818]
V  [jvm.dll+0x8179d8]
V  [jvm.dll+0x453cbe]
V  [jvm.dll+0x455421]
C  [jli.dll+0x52ab]
C  [ucrtbase.dll+0x37b0]
C  [KERNEL32.DLL+0x2e8d7]
C  [ntdll.dll+0x8c48c]


---------------  P R O C E S S  ---------------

Threads class SMR info:
_java_thread_list=0x00007ffa86c1b988, length=0, elements={
}

Java Threads: ( => current thread )
Total: 0

Other Threads:
  0x0000021789fc8d80 WorkerThread "GC Thread#0"                     [id=17144, stack(0x0000004ba3000000,0x0000004ba3100000) (1024K)]
  0x0000021789fd9440 ConcurrentGCThread "G1 Main Marker"            [id=8616, stack(0x0000004ba3100000,0x0000004ba3200000) (1024K)]
  0x0000021789fdbad0 WorkerThread "G1 Conc#0"                       [id=11348, stack(0x0000004ba3200000,0x0000004ba3300000) (1024K)]

[error occurred during error reporting (printing all threads), id 0xc0000005, EXCEPTION_ACCESS_VIOLATION (0xc0000005) at pc=0x00007ffa8640dee7]
VM state: not at safepoint (not fully initialized)

VM Mutex/Monitor currently owned by a thread:  ([mutex/lock_event])
[0x00007ffa86c88790] Heap_lock - owner thread: 0x0000021787b5bc60

Heap address: 0x0000000085800000, size: 1960 MB, Compressed Oops mode: 32-bit

CDS archive(s) mapped at: [0x0000000000000000-0x0000000000000000-0x0000000000000000), size 0, SharedBaseAddress: 0x0000000800000000, ArchiveRelocationMode: 1.
Narrow klass base: 0x0000000000000000, Narrow klass shift: 0, Narrow klass range: 0x0

GC Precious Log:
 CardTable entry size: 512
 Card Set container configuration: InlinePtr #cards 5 size 8 Array Of Cards #cards 12 size 40 Howl #buckets 4 coarsen threshold 1843 Howl Bitmap #cards 512 size 80 coarsen threshold 460 Card regions per heap region 1 cards per card region 2048

Heap:
 garbage-first heap   total 0K, used 0K [0x0000000085800000, 0x0000000100000000)
  region size 1024K, 0 young (0K), 0 survivors (0K)
 Metaspace       used 0K, committed 0K, reserved 0K
  class space    used 0K, committed 0K, reserved 0K

Heap Regions: E=young(eden), S=young(survivor), O=old, HS=humongous(starts), HC=humongous(continues), CS=collection set, F=free, TAMS=top-at-mark-start, PB=parsable bottom

Card table byte_map: [0x000002179c800000,0x000002179cbe0000] _byte_map_base: 0x000002179c3d4000

Marking Bits: (CMBitMap*) 0x0000021789fc9480
 Bits: [0x000002179cbe0000, 0x000002179ea80000)

GC Heap History (0 events):
No events

Dll operation events (1 events):
Event: 0.005 Loaded shared library E:\Android\jbr\bin\java.dll

Deoptimization events (0 events):
No events

Classes loaded (0 events):
No events

Classes unloaded (0 events):
No events

Classes redefined (0 events):
No events

Internal exceptions (0 events):
No events

ZGC Phase Switch (0 events):
No events

VM Operations (0 events):
No events

Memory protections (0 events):
No events

Nmethod flushes (0 events):
No events

Events (0 events):
No events


Dynamic libraries:
0x00007ff79f2d0000 - 0x00007ff79f2da000 	E:\Android\jbr\bin\java.exe
0x00007ffb2bb60000 - 0x00007ffb2bdc7000 	C:\WINDOWS\SYSTEM32\ntdll.dll
0x00007ffb29cb0000 - 0x00007ffb29d79000 	C:\WINDOWS\System32\KERNEL32.DLL
0x00007ffb28920000 - 0x00007ffb28d11000 	C:\WINDOWS\System32\KERNELBASE.dll
0x00007ffb28d20000 - 0x00007ffb28e6b000 	C:\WINDOWS\System32\ucrtbase.dll
0x00007ffb07020000 - 0x00007ffb07038000 	E:\Android\jbr\bin\jli.dll
0x00007ffb23150000 - 0x00007ffb2316b000 	E:\Android\jbr\bin\VCRUNTIME140.dll
0x00007ffb2b300000 - 0x00007ffb2b4c5000 	C:\WINDOWS\System32\USER32.dll
0x00007ffb0b6f0000 - 0x00007ffb0b983000 	C:\WINDOWS\WinSxS\amd64_microsoft.windows.common-controls_6595b64144ccf1df_6.0.26100.7922_none_3e089e1ee3342171\COMCTL32.dll
0x00007ffb285c0000 - 0x00007ffb285e7000 	C:\WINDOWS\System32\win32u.dll
0x00007ffb29bc0000 - 0x00007ffb29c69000 	C:\WINDOWS\System32\msvcrt.dll
0x00007ffb2b6e0000 - 0x00007ffb2b70b000 	C:\WINDOWS\System32\GDI32.dll
0x00007ffb28730000 - 0x00007ffb2885a000 	C:\WINDOWS\System32\gdi32full.dll
0x00007ffb296e0000 - 0x00007ffb29783000 	C:\WINDOWS\System32\msvcp_win.dll
0x00007ffb2b880000 - 0x00007ffb2b8b1000 	C:\WINDOWS\System32\IMM32.DLL
0x00007ffb25710000 - 0x00007ffb2571c000 	E:\Android\jbr\bin\vcruntime140_1.dll
0x00007ffb06f90000 - 0x00007ffb0701d000 	E:\Android\jbr\bin\msvcp140.dll
0x00007ffa860d0000 - 0x00007ffa86d66000 	E:\Android\jbr\bin\server\jvm.dll
0x00007ffb2b8c0000 - 0x00007ffb2b97b000 	C:\WINDOWS\System32\ADVAPI32.dll
0x00007ffb2a3b0000 - 0x00007ffb2a457000 	C:\WINDOWS\System32\sechost.dll
0x00007ffb2a5c0000 - 0x00007ffb2a6d8000 	C:\WINDOWS\System32\RPCRT4.dll
0x00007ffb2b660000 - 0x00007ffb2b6d4000 	C:\WINDOWS\System32\WS2_32.dll
0x00007ffb282a0000 - 0x00007ffb282fe000 	C:\WINDOWS\SYSTEM32\POWRPROF.dll
0x00007ffb1acc0000 - 0x00007ffb1accb000 	C:\WINDOWS\SYSTEM32\VERSION.dll
0x00007ffb20580000 - 0x00007ffb205b5000 	C:\WINDOWS\SYSTEM32\WINMM.dll
0x00007ffb28280000 - 0x00007ffb28294000 	C:\WINDOWS\SYSTEM32\UMPDC.dll
0x00007ffb271d0000 - 0x00007ffb271eb000 	C:\WINDOWS\SYSTEM32\kernel.appcore.dll
0x00007ffb25700000 - 0x00007ffb2570a000 	E:\Android\jbr\bin\jimage.dll
0x00007ffb25f90000 - 0x00007ffb261d2000 	C:\WINDOWS\SYSTEM32\DBGHELP.DLL
0x00007ffb2a700000 - 0x00007ffb2aa82000 	C:\WINDOWS\System32\combase.dll
0x00007ffb2a460000 - 0x00007ffb2a537000 	C:\WINDOWS\System32\OLEAUT32.dll
0x00007ffb07040000 - 0x00007ffb0707b000 	C:\WINDOWS\SYSTEM32\dbgcore.DLL
0x00007ffb28680000 - 0x00007ffb28725000 	C:\WINDOWS\System32\bcryptPrimitives.dll
0x00007ffb230b0000 - 0x00007ffb230d0000 	E:\Android\jbr\bin\java.dll

JVMTI agents: none

dbghelp: loaded successfully - version: 4.0.5 - missing functions: none
symbol engine: initialized successfully - sym options: 0x614 - pdb path: .;E:\Android\jbr\bin;C:\WINDOWS\SYSTEM32;C:\WINDOWS\WinSxS\amd64_microsoft.windows.common-controls_6595b64144ccf1df_6.0.26100.7922_none_3e089e1ee3342171;E:\Android\jbr\bin\server

VM Arguments:
java_command: git4idea.http.GitAskPassApp Username for 'https://github.com': 
java_class_path (initial): E:/Android/plugins/vcs-git/lib/git4idea-rt.jar;E:/Android/lib/externalProcess-rt.jar
Launcher Type: SUN_STANDARD

[Global flags]
     intx CICompilerCount                          = 4                                         {product} {ergonomic}
     uint ConcGCThreads                            = 2                                         {product} {ergonomic}
     uint G1ConcRefinementThreads                  = 8                                         {product} {ergonomic}
   size_t G1HeapRegionSize                         = 1048576                                   {product} {ergonomic}
    uintx GCDrainStackTargetSize                   = 64                                        {product} {ergonomic}
   size_t InitialHeapSize                          = 130023424                                 {product} {ergonomic}
   size_t MarkStackSize                            = 4194304                                   {product} {ergonomic}
   size_t MaxHeapSize                              = 2055208960                                {product} {ergonomic}
   size_t MinHeapDeltaBytes                        = 1048576                                   {product} {ergonomic}
   size_t MinHeapSize                              = 8388608                                   {product} {ergonomic}
    uintx NonNMethodCodeHeapSize                   = 5839372                                {pd product} {ergonomic}
    uintx NonProfiledCodeHeapSize                  = 122909434                              {pd product} {ergonomic}
    uintx ProfiledCodeHeapSize                     = 122909434                              {pd product} {ergonomic}
    uintx ReservedCodeCacheSize                    = 251658240                              {pd product} {ergonomic}
     bool SegmentedCodeCache                       = true                                      {product} {ergonomic}
   size_t SoftMaxHeapSize                          = 2055208960                             {manageable} {ergonomic}
     bool UseCompressedOops                        = true                           {product lp64_product} {ergonomic}
     bool UseG1GC                                  = true                                      {product} {ergonomic}
     bool UseLargePagesIndividualAllocation        = false                                  {pd product} {ergonomic}

Logging:
Log output configuration:
 #0: stdout all=warning uptime,level,tags foldmultilines=false
 #1: stderr all=off uptime,level,tags foldmultilines=false

Release file:
<release file has not been read>
Environment Variables:
PATH=C:\DevSuiteHome_2\jdk\jre\bin\classic;C:\DevSuiteHome_2\jdk\jre\bin;C:\DevSuiteHome_2\jdk\jre\bin\client;C:\DevSuiteHome_2\jlib;C:\DevSuiteHome_2\bin;C:\DevSuiteHome_2\jre\1.4.2\bin\client;C:\DevSuiteHome_2\jre\1.4.2\bin;C:\app\harsh\product\21c\dbhomeXE\bin;C:\WINDOWS\system32;C:\WINDOWS;C:\WINDOWS\System32\Wbem;C:\WINDOWS\System32\WindowsPowerShell\v1.0\;C:\WINDOWS\System32\OpenSSH\;C:\Users\harsh\AppData\Local\Programs\Python\Python311\Scripts\;C:\Users\harsh\AppData\Local\Programs\Python\Python311\;C:\Users\harsh\AppData\Local\Programs\Python\Python313\Scripts\;C:\Users\harsh\AppData\Local\Programs\Python\Python313\;C:\Users\harsh\AppData\Local\Microsoft\WindowsApps;C:\Users\harsh\AppData\Local\Programs\Microsoft VS Code\bin;C:\Users\harsh\AppData\Local\Python\bin
USERNAME=harsh
OS=Windows_NT
PROCESSOR_IDENTIFIER=Intel64 Family 6 Model 140 Stepping 1, GenuineIntel
TMP=C:\Users\harsh\AppData\Local\Temp
TEMP=C:\Users\harsh\AppData\Local\Temp




Periodic native trim disabled

JNI global refs:
JNI global refs: 0, weak refs: 0

JNI global refs memory usage: 0, weak refs: 0

Process memory usage:
Resident Set Size: 12836K (0% of 8022564K total physical memory with 484768K free physical memory)

OOME stack traces (most recent first):
Classloader memory used:

---------------  S Y S T E M  ---------------

OS:
 Windows 11 , 64 bit Build 26100 (10.0.26100.7920)
OS uptime: 0 days 2:17 hours
Hyper-V role detected

CPU: total 8 (initial active 8) (4 cores per cpu, 2 threads per core) family 6 model 140 stepping 1 microcode 0xb4, cx8, cmov, fxsr, ht, mmx, 3dnowpref, sse, sse2, sse3, ssse3, sse4.1, sse4.2, popcnt, lzcnt, tsc, tscinvbit, avx, avx2, aes, erms, clmul, bmi1, bmi2, adx, avx512f, avx512dq, avx512cd, avx512bw, avx512vl, sha, fma, vzeroupper, avx512_vpopcntdq, avx512_vpclmulqdq, avx512_vaes, avx512_vnni, clflush, clflushopt, clwb, avx512_vbmi2, avx512_vbmi, hv, rdtscp, rdpid, fsrm, gfni, avx512_bitalg, f16c, cet_ibt, cet_ss, avx512_ifma
Processor Information for processor 0
  Max Mhz: 2001, Current Mhz: 2000, Mhz Limit: 1980
Processor Information for processor 1
  Max Mhz: 2001, Current Mhz: 1200, Mhz Limit: 1980
Processor Information for processor 2
  Max Mhz: 2001, Current Mhz: 1200, Mhz Limit: 1980
Processor Information for processor 3
  Max Mhz: 2001, Current Mhz: 1200, Mhz Limit: 1980
Processor Information for processor 4
  Max Mhz: 2001, Current Mhz: 2000, Mhz Limit: 1980
Processor Information for processor 5
  Max Mhz: 2001, Current Mhz: 1200, Mhz Limit: 1980
Processor Information for processor 6
  Max Mhz: 2001, Current Mhz: 2000, Mhz Limit: 1980
Processor Information for processor 7
  Max Mhz: 2001, Current Mhz: 1200, Mhz Limit: 1980

Memory: 4k page, system-wide physical 7834M (473M free)
TotalPageFile size 11930M (AvailPageFile size 70M)
current process WorkingSet (physical memory assigned to process): 12M, peak: 12M
current process commit charge ("private bytes"): 60M, peak: 184M

vm_info: OpenJDK 64-Bit Server VM (21.0.9+-14787801-b1163.94) for windows-amd64 JRE (21.0.9+-14787801-b1163.94), built on 2026-01-27T21:15:44Z by "builder" with MS VC++ 16.10 / 16.11 (VS2019)

END.
